[03:08:01] [ServerMain/INFO]: Environment: Environment[sessionHost=https://sessionserver.mojang.com, servicesHost=https://api.minecraftservices.com, profilesHost=https://api.mojang.com, name=PROD]
[03:08:02] [Worker-Main-1/INFO]: No existing world data, creating new world
[03:08:03] [ServerMain/INFO]: Loaded 1515 recipes
[03:08:03] [ServerMain/INFO]: Loaded 1617 advancements
[03:08:03] [Server thread/INFO]: Starting minecraft server version 26.1.2
[03:08:03] [Server thread/INFO]: Loading properties
[03:08:03] [Server thread/INFO]: Default game type: SURVIVAL
[03:08:03] [Server thread/INFO]: Generating keypair
[03:08:03] [Server thread/INFO]: Starting Minecraft server on *:25565
[03:08:03] [Server thread/WARN]: **** SERVER IS RUNNING IN OFFLINE/INSECURE MODE!
[03:08:03] [Server thread/WARN]: The server will make no attempt to authenticate usernames. Beware.
[03:08:03] [Server thread/WARN]: While this makes the game possible to play without internet access, it also opens up the ability for hackers to connect with any username they choose.
[03:08:03] [Server thread/WARN]: To change this, set "online-mode" to "true" in the server.properties file.
[03:08:03] [Server thread/INFO]: Preparing level "world"
[03:08:04] [Server thread/INFO]: Selecting global world spawn...
[03:08:10] [Server thread/INFO]: Loading 0 persistent chunks...
[03:08:10] [Server thread/INFO]: Preparing spawn area: 100%
[03:08:10] [Server thread/INFO]: Time elapsed: 6217 ms
[03:08:10] [Server thread/INFO]: Done (6.489s)! For help, type "help"
[03:08:10] [Server thread/INFO]: Saving chunks for level 'ServerLevel[world]'/minecraft:overworld
[03:08:10] [Server thread/INFO]: Saving chunks for level 'ServerLevel[world]'/minecraft:the_nether
[03:08:10] [Server thread/INFO]: Saving chunks for level 'ServerLevel[world]'/minecraft:the_end
[03:08:10] [Server thread/INFO]: ThreadedAnvilChunkStorage (world): All chunks are saved
[03:08:10] [Server thread/INFO]: ThreadedAnvilChunkStorage (DIM-1): All chunks are saved
[03:08:10] [Server thread/INFO]: ThreadedAnvilChunkStorage (DIM1): All chunks are saved
[03:08:10] [Server thread/INFO]: ThreadedAnvilChunkStorage: All dimensions are saved
[03:09:10] [Server thread/INFO]: Server empty for 60 seconds, pausing
